#-----------------------------------------------------------
# Vivado v2023.2.2 (64-bit)
# SW Build 4126759 on Thu Feb  8 23:52:05 MST 2024
# IP Build 4126054 on Fri Feb  9 11:39:09 MST 2024
# SharedData Build 4115275 on Tue Jan 30 00:40:57 MST 2024
# Start of session at: Thu May 23 14:49:13 2024
# Process ID: 11707
# Current directory: /home/edvinest/University/DigiElektro2/jk_tarolo_2_bites_szamlalo/jk_tarolo_2_bites_szamlalo.runs/synth_1
# Command line: vivado -log counter_ThreeBit.vds -product Vivado -mode batch -messageDb vivado.pb -notrace -source counter_ThreeBit.tcl
# Log file: /home/edvinest/University/DigiElektro2/jk_tarolo_2_bites_szamlalo/jk_tarolo_2_bites_szamlalo.runs/synth_1/counter_ThreeBit.vds
# Journal file: /home/edvinest/University/DigiElektro2/jk_tarolo_2_bites_szamlalo/jk_tarolo_2_bites_szamlalo.runs/synth_1/vivado.jou
# Running On: antigamer-pc, OS: Linux, CPU Frequency: 4140.344 MHz, CPU Physical cores: 8, Host memory: 14366 MB
#-----------------------------------------------------------
source counter_ThreeBit.tcl -notrace
